PROGRAM PRINT: "........................................"
PROGRAM PRINT: "Program [stmts]:"
PROGRAM PRINT: ["$loc_3", "$loc_7", "$loc_11", "$loc_24"]
PROGRAM PRINT: "________________________________________________________________________________"
PROGRAM PRINT: "Start of the statement [stmt]"
PROGRAM PRINT: { "type": "ExpressionStatement", "expression": "$loc_4" }
PROGRAM PRINT: "........................................"
PROGRAM PRINT: "ExpressionStatement [expression]:"
PROGRAM PRINT: { "type": "AssignmentExpression", "right": "$loc_6", "left": "$loc_5", "operator": "=" }
PROGRAM PRINT: "........................................"
PROGRAM PRINT: "AssignmentExpression [left][right]:"
PROGRAM PRINT: { "name": "n", "type": "Identifier" }
PROGRAM PRINT: { "type": "Literal", "raw": "5", "value": 5 }
PROGRAM PRINT: "........................................"
PROGRAM PRINT: "Literal [value]"
PROGRAM PRINT: 5.
PROGRAM PRINT: "End of the statement [retval]"
PROGRAM PRINT: 5.
PROGRAM PRINT: "________________________________________________________________________________"
PROGRAM PRINT: "Start of the statement [stmt]"
PROGRAM PRINT: { "type": "ExpressionStatement", "expression": "$loc_8" }
PROGRAM PRINT: "........................................"
PROGRAM PRINT: "ExpressionStatement [expression]:"
PROGRAM PRINT: { "type": "AssignmentExpression", "right": "$loc_10", "left": "$loc_9", "operator": "=" }
PROGRAM PRINT: "........................................"
PROGRAM PRINT: "AssignmentExpression [left][right]:"
PROGRAM PRINT: { "name": "res", "type": "Identifier" }
PROGRAM PRINT: { "type": "Literal", "raw": "1", "value": 1 }
PROGRAM PRINT: "........................................"
PROGRAM PRINT: "Literal [value]"
PROGRAM PRINT: 1.
PROGRAM PRINT: "End of the statement [retval]"
PROGRAM PRINT: 1.
PROGRAM PRINT: "________________________________________________________________________________"
PROGRAM PRINT: "Start of the statement [stmt]"
PROGRAM PRINT: { "test": "$loc_12", "type": "WhileStatement", "body": "$loc_15" }
PROGRAM PRINT: "........................................"
PROGRAM PRINT: "WhileLoopStatement [test][body]"
PROGRAM PRINT: { "type": "BinaryExpression", "right": "$loc_14", "left": "$loc_13", "operator": ">" }
PROGRAM PRINT: { "type": "BlockStatement", "body": ["$loc_16", "$loc_20"] }
PROGRAM PRINT: "........................................"
PROGRAM PRINT: "ComparisonExpressionGt [left][right]"
PROGRAM PRINT: { "name": "n", "type": "Identifier" }
PROGRAM PRINT: { "type": "Literal", "raw": "0", "value": 0 }
PROGRAM PRINT: "........................................"
PROGRAM PRINT: "Identifier [name][value]:"
PROGRAM PRINT: "n"
PROGRAM PRINT: 5.
PROGRAM PRINT: "........................................"
PROGRAM PRINT: "Literal [value]"
PROGRAM PRINT: 0.
PROGRAM PRINT: "........................................"
PROGRAM PRINT: "BlockStatement [stmts]:"
PROGRAM PRINT: ["$loc_16", "$loc_20"]
PROGRAM PRINT: "Start of the statement [stmt]"
PROGRAM PRINT: { "type": "ExpressionStatement", "expression": "$loc_17" }
PROGRAM PRINT: "........................................"
PROGRAM PRINT: "ExpressionStatement [expression]:"
PROGRAM PRINT: { "type": "AssignmentExpression", "right": "$loc_19", "left": "$loc_18", "operator": "*=" }
PROGRAM PRINT: "........................................"
PROGRAM PRINT: "TimesAssignmentExpression [left][right]:"
PROGRAM PRINT: { "name": "res", "type": "Identifier" }
PROGRAM PRINT: { "name": "n", "type": "Identifier" }
PROGRAM PRINT: "........................................"
PROGRAM PRINT: "Identifier [name][value]:"
PROGRAM PRINT: "n"
PROGRAM PRINT: 5.
PROGRAM PRINT: "End of the statement [retval]"
PROGRAM PRINT: 5.
PROGRAM PRINT: "Start of the statement [stmt]"
PROGRAM PRINT: { "type": "ExpressionStatement", "expression": "$loc_21" }
PROGRAM PRINT: "........................................"
PROGRAM PRINT: "ExpressionStatement [expression]:"
PROGRAM PRINT: { "type": "AssignmentExpression", "right": "$loc_23", "left": "$loc_22", "operator": "-=" }
PROGRAM PRINT: "........................................"
PROGRAM PRINT: "MinusAssignmentExpression [left][right]:"
PROGRAM PRINT: { "name": "n", "type": "Identifier" }
PROGRAM PRINT: { "type": "Literal", "raw": "1", "value": 1 }
PROGRAM PRINT: "........................................"
PROGRAM PRINT: "Literal [value]"
PROGRAM PRINT: 1.
PROGRAM PRINT: "End of the statement [retval]"
PROGRAM PRINT: 4.
PROGRAM PRINT: "________________________________________________________________________________"
PROGRAM PRINT: "End of the block [retval]:"
PROGRAM PRINT: 4.
PROGRAM PRINT: "........................................"
PROGRAM PRINT: "ComparisonExpressionGt [left][right]"
PROGRAM PRINT: { "name": "n", "type": "Identifier" }
PROGRAM PRINT: { "type": "Literal", "raw": "0", "value": 0 }
PROGRAM PRINT: "........................................"
PROGRAM PRINT: "Identifier [name][value]:"
PROGRAM PRINT: "n"
PROGRAM PRINT: 4.
PROGRAM PRINT: "........................................"
PROGRAM PRINT: "Literal [value]"
PROGRAM PRINT: 0.
PROGRAM PRINT: "........................................"
PROGRAM PRINT: "BlockStatement [stmts]:"
PROGRAM PRINT: ["$loc_16", "$loc_20"]
PROGRAM PRINT: "Start of the statement [stmt]"
PROGRAM PRINT: { "type": "ExpressionStatement", "expression": "$loc_17" }
PROGRAM PRINT: "........................................"
PROGRAM PRINT: "ExpressionStatement [expression]:"
PROGRAM PRINT: { "type": "AssignmentExpression", "right": "$loc_19", "left": "$loc_18", "operator": "*=" }
PROGRAM PRINT: "........................................"
PROGRAM PRINT: "TimesAssignmentExpression [left][right]:"
PROGRAM PRINT: { "name": "res", "type": "Identifier" }
PROGRAM PRINT: { "name": "n", "type": "Identifier" }
PROGRAM PRINT: "........................................"
PROGRAM PRINT: "Identifier [name][value]:"
PROGRAM PRINT: "n"
PROGRAM PRINT: 4.
PROGRAM PRINT: "End of the statement [retval]"
PROGRAM PRINT: 20.
PROGRAM PRINT: "Start of the statement [stmt]"
PROGRAM PRINT: { "type": "ExpressionStatement", "expression": "$loc_21" }
PROGRAM PRINT: "........................................"
PROGRAM PRINT: "ExpressionStatement [expression]:"
PROGRAM PRINT: { "type": "AssignmentExpression", "right": "$loc_23", "left": "$loc_22", "operator": "-=" }
PROGRAM PRINT: "........................................"
PROGRAM PRINT: "MinusAssignmentExpression [left][right]:"
PROGRAM PRINT: { "name": "n", "type": "Identifier" }
PROGRAM PRINT: { "type": "Literal", "raw": "1", "value": 1 }
PROGRAM PRINT: "........................................"
PROGRAM PRINT: "Literal [value]"
PROGRAM PRINT: 1.
PROGRAM PRINT: "End of the statement [retval]"
PROGRAM PRINT: 3.
PROGRAM PRINT: "________________________________________________________________________________"
PROGRAM PRINT: "End of the block [retval]:"
PROGRAM PRINT: 3.
PROGRAM PRINT: "........................................"
PROGRAM PRINT: "ComparisonExpressionGt [left][right]"
PROGRAM PRINT: { "name": "n", "type": "Identifier" }
PROGRAM PRINT: { "type": "Literal", "raw": "0", "value": 0 }
PROGRAM PRINT: "........................................"
PROGRAM PRINT: "Identifier [name][value]:"
PROGRAM PRINT: "n"
PROGRAM PRINT: 3.
PROGRAM PRINT: "........................................"
PROGRAM PRINT: "Literal [value]"
PROGRAM PRINT: 0.
PROGRAM PRINT: "........................................"
PROGRAM PRINT: "BlockStatement [stmts]:"
PROGRAM PRINT: ["$loc_16", "$loc_20"]
PROGRAM PRINT: "Start of the statement [stmt]"
PROGRAM PRINT: { "type": "ExpressionStatement", "expression": "$loc_17" }
PROGRAM PRINT: "........................................"
PROGRAM PRINT: "ExpressionStatement [expression]:"
PROGRAM PRINT: { "type": "AssignmentExpression", "right": "$loc_19", "left": "$loc_18", "operator": "*=" }
PROGRAM PRINT: "........................................"
PROGRAM PRINT: "TimesAssignmentExpression [left][right]:"
PROGRAM PRINT: { "name": "res", "type": "Identifier" }
PROGRAM PRINT: { "name": "n", "type": "Identifier" }
PROGRAM PRINT: "........................................"
PROGRAM PRINT: "Identifier [name][value]:"
PROGRAM PRINT: "n"
PROGRAM PRINT: 3.
PROGRAM PRINT: "End of the statement [retval]"
PROGRAM PRINT: 60.
PROGRAM PRINT: "Start of the statement [stmt]"
PROGRAM PRINT: { "type": "ExpressionStatement", "expression": "$loc_21" }
PROGRAM PRINT: "........................................"
PROGRAM PRINT: "ExpressionStatement [expression]:"
PROGRAM PRINT: { "type": "AssignmentExpression", "right": "$loc_23", "left": "$loc_22", "operator": "-=" }
PROGRAM PRINT: "........................................"
PROGRAM PRINT: "MinusAssignmentExpression [left][right]:"
PROGRAM PRINT: { "name": "n", "type": "Identifier" }
PROGRAM PRINT: { "type": "Literal", "raw": "1", "value": 1 }
PROGRAM PRINT: "........................................"
PROGRAM PRINT: "Literal [value]"
PROGRAM PRINT: 1.
PROGRAM PRINT: "End of the statement [retval]"
PROGRAM PRINT: 2.
PROGRAM PRINT: "________________________________________________________________________________"
PROGRAM PRINT: "End of the block [retval]:"
PROGRAM PRINT: 2.
PROGRAM PRINT: "........................................"
PROGRAM PRINT: "ComparisonExpressionGt [left][right]"
PROGRAM PRINT: { "name": "n", "type": "Identifier" }
PROGRAM PRINT: { "type": "Literal", "raw": "0", "value": 0 }
PROGRAM PRINT: "........................................"
PROGRAM PRINT: "Identifier [name][value]:"
PROGRAM PRINT: "n"
PROGRAM PRINT: 2.
PROGRAM PRINT: "........................................"
PROGRAM PRINT: "Literal [value]"
PROGRAM PRINT: 0.
PROGRAM PRINT: "........................................"
PROGRAM PRINT: "BlockStatement [stmts]:"
PROGRAM PRINT: ["$loc_16", "$loc_20"]
PROGRAM PRINT: "Start of the statement [stmt]"
PROGRAM PRINT: { "type": "ExpressionStatement", "expression": "$loc_17" }
PROGRAM PRINT: "........................................"
PROGRAM PRINT: "ExpressionStatement [expression]:"
PROGRAM PRINT: { "type": "AssignmentExpression", "right": "$loc_19", "left": "$loc_18", "operator": "*=" }
PROGRAM PRINT: "........................................"
PROGRAM PRINT: "TimesAssignmentExpression [left][right]:"
PROGRAM PRINT: { "name": "res", "type": "Identifier" }
PROGRAM PRINT: { "name": "n", "type": "Identifier" }
PROGRAM PRINT: "........................................"
PROGRAM PRINT: "Identifier [name][value]:"
PROGRAM PRINT: "n"
PROGRAM PRINT: 2.
PROGRAM PRINT: "End of the statement [retval]"
PROGRAM PRINT: 120.
PROGRAM PRINT: "Start of the statement [stmt]"
PROGRAM PRINT: { "type": "ExpressionStatement", "expression": "$loc_21" }
PROGRAM PRINT: "........................................"
PROGRAM PRINT: "ExpressionStatement [expression]:"
PROGRAM PRINT: { "type": "AssignmentExpression", "right": "$loc_23", "left": "$loc_22", "operator": "-=" }
PROGRAM PRINT: "........................................"
PROGRAM PRINT: "MinusAssignmentExpression [left][right]:"
PROGRAM PRINT: { "name": "n", "type": "Identifier" }
PROGRAM PRINT: { "type": "Literal", "raw": "1", "value": 1 }
PROGRAM PRINT: "........................................"
PROGRAM PRINT: "Literal [value]"
PROGRAM PRINT: 1.
PROGRAM PRINT: "End of the statement [retval]"
PROGRAM PRINT: 1.
PROGRAM PRINT: "________________________________________________________________________________"
PROGRAM PRINT: "End of the block [retval]:"
PROGRAM PRINT: 1.
PROGRAM PRINT: "........................................"
PROGRAM PRINT: "ComparisonExpressionGt [left][right]"
PROGRAM PRINT: { "name": "n", "type": "Identifier" }
PROGRAM PRINT: { "type": "Literal", "raw": "0", "value": 0 }
PROGRAM PRINT: "........................................"
PROGRAM PRINT: "Identifier [name][value]:"
PROGRAM PRINT: "n"
PROGRAM PRINT: 1.
PROGRAM PRINT: "........................................"
PROGRAM PRINT: "Literal [value]"
PROGRAM PRINT: 0.
PROGRAM PRINT: "........................................"
PROGRAM PRINT: "BlockStatement [stmts]:"
PROGRAM PRINT: ["$loc_16", "$loc_20"]
PROGRAM PRINT: "Start of the statement [stmt]"
PROGRAM PRINT: { "type": "ExpressionStatement", "expression": "$loc_17" }
PROGRAM PRINT: "........................................"
PROGRAM PRINT: "ExpressionStatement [expression]:"
PROGRAM PRINT: { "type": "AssignmentExpression", "right": "$loc_19", "left": "$loc_18", "operator": "*=" }
PROGRAM PRINT: "........................................"
PROGRAM PRINT: "TimesAssignmentExpression [left][right]:"
PROGRAM PRINT: { "name": "res", "type": "Identifier" }
PROGRAM PRINT: { "name": "n", "type": "Identifier" }
PROGRAM PRINT: "........................................"
PROGRAM PRINT: "Identifier [name][value]:"
PROGRAM PRINT: "n"
PROGRAM PRINT: 1.
PROGRAM PRINT: "End of the statement [retval]"
PROGRAM PRINT: 120.
PROGRAM PRINT: "Start of the statement [stmt]"
PROGRAM PRINT: { "type": "ExpressionStatement", "expression": "$loc_21" }
PROGRAM PRINT: "........................................"
PROGRAM PRINT: "ExpressionStatement [expression]:"
PROGRAM PRINT: { "type": "AssignmentExpression", "right": "$loc_23", "left": "$loc_22", "operator": "-=" }
PROGRAM PRINT: "........................................"
PROGRAM PRINT: "MinusAssignmentExpression [left][right]:"
PROGRAM PRINT: { "name": "n", "type": "Identifier" }
PROGRAM PRINT: { "type": "Literal", "raw": "1", "value": 1 }
PROGRAM PRINT: "........................................"
PROGRAM PRINT: "Literal [value]"
PROGRAM PRINT: 1.
PROGRAM PRINT: "End of the statement [retval]"
PROGRAM PRINT: 0.
PROGRAM PRINT: "________________________________________________________________________________"
PROGRAM PRINT: "End of the block [retval]:"
PROGRAM PRINT: 0.
PROGRAM PRINT: "........................................"
PROGRAM PRINT: "ComparisonExpressionGt [left][right]"
PROGRAM PRINT: { "name": "n", "type": "Identifier" }
PROGRAM PRINT: { "type": "Literal", "raw": "0", "value": 0 }
PROGRAM PRINT: "........................................"
PROGRAM PRINT: "Identifier [name][value]:"
PROGRAM PRINT: "n"
PROGRAM PRINT: 0.
PROGRAM PRINT: "........................................"
PROGRAM PRINT: "Literal [value]"
PROGRAM PRINT: 0.
PROGRAM PRINT: "End of the statement [retval]"
PROGRAM PRINT: 0.
PROGRAM PRINT: "________________________________________________________________________________"
PROGRAM PRINT: "Start of the statement [stmt]"
PROGRAM PRINT: { "type": "ExpressionStatement", "expression": "$loc_25" }
PROGRAM PRINT: "........................................"
PROGRAM PRINT: "ExpressionStatement [expression]:"
PROGRAM PRINT: { "name": "res", "type": "Identifier" }
PROGRAM PRINT: "........................................"
PROGRAM PRINT: "Identifier [name][value]:"
PROGRAM PRINT: "res"
PROGRAM PRINT: 120.
PROGRAM PRINT: "End of the statement [retval]"
PROGRAM PRINT: 120.
PROGRAM PRINT: "________________________________________________________________________________"
PROGRAM PRINT: "End of the program [retval]:"
PROGRAM PRINT: 120.
